---
source: src/lib.rs
expression: extract_and_clear_logs(&notices)
---
<timestamp>   RECONNECT: attempt #1 of 2
<timestamp>   RECONNECT: attempt #2 of 2
<timestamp>     FAILURE: failed to reconnect after 2 attempts
